#! /d/a/fpga-toolchain-build/fpga-toolchain-build/iverilog/_install/bin/vvp
:ivl_version "11.0 (stable)" "(d3b0992)";
:ivl_delay_selection "TYPICAL";
:vpi_time_precision - 12;
:vpi_module "C:\PROGRA~3\CHOCOL~1\lib\iverilog\tools\lib\ivl\system.vpi";
:vpi_module "C:\PROGRA~3\CHOCOL~1\lib\iverilog\tools\lib\ivl\vhdl_sys.vpi";
:vpi_module "C:\PROGRA~3\CHOCOL~1\lib\iverilog\tools\lib\ivl\vhdl_textio.vpi";
:vpi_module "C:\PROGRA~3\CHOCOL~1\lib\iverilog\tools\lib\ivl\v2005_math.vpi";
:vpi_module "C:\PROGRA~3\CHOCOL~1\lib\iverilog\tools\lib\ivl\va_math.vpi";
:vpi_module "C:\PROGRA~3\CHOCOL~1\lib\iverilog\tools\lib\ivl\v2009.vpi";
S_000001925929e6e0 .scope package, "$unit" "$unit" 2 1;
 .timescale 0 0;
S_000001925924e910 .scope module, "top_module_tb" "top_module_tb" 3 3;
 .timescale -9 -10;
v00000192592f2170_0 .var "clk", 0 0;
v00000192592f2210_0 .net "green", 0 0, L_00000192592f18b0;  1 drivers
v00000192592f2030_0 .net "red", 0 0, L_00000192592f1b30;  1 drivers
v00000192592f19f0_0 .net "red_yellow", 0 0, L_00000192592f1db0;  1 drivers
v00000192592f1450_0 .var "rst", 0 0;
v00000192592f14f0_0 .net "yellow", 0 0, L_00000192592f20d0;  1 drivers
S_000001925924eaa0 .scope module, "dut" "top_module" 3 7, 4 2 0, S_000001925924e910;
 .timescale -9 -12;
    .port_info 0 /INPUT 1 "clk";
    .port_info 1 /INPUT 1 "rst";
    .port_info 2 /OUTPUT 1 "green";
    .port_info 3 /OUTPUT 1 "red";
    .port_info 4 /OUTPUT 1 "yellow";
    .port_info 5 /OUTPUT 1 "red_yellow";
enum000001925929ad00 .enum4 (2)
   "RED" 2'b00,
   "RED_YELLOW" 2'b01,
   "GREEN" 2'b10,
   "YELLOW" 2'b11
 ;
L_00000192592f2418 .functor BUFT 1, C4<00>, C4<0>, C4<0>, C4<0>;
v0000019259246dd0_0 .net/2u *"_ivl_0", 1 0, L_00000192592f2418;  1 drivers
L_00000192592f24f0 .functor BUFT 1, C4<11>, C4<0>, C4<0>, C4<0>;
v0000019259246b90_0 .net/2u *"_ivl_12", 1 0, L_00000192592f24f0;  1 drivers
L_00000192592f2460 .functor BUFT 1, C4<01>, C4<0>, C4<0>, C4<0>;
v000001925924aea0_0 .net/2u *"_ivl_4", 1 0, L_00000192592f2460;  1 drivers
L_00000192592f24a8 .functor BUFT 1, C4<10>, C4<0>, C4<0>, C4<0>;
v000001925924ec30_0 .net/2u *"_ivl_8", 1 0, L_00000192592f24a8;  1 drivers
v000001925924ecd0_0 .net "clk", 0 0, v00000192592f2170_0;  1 drivers
v000001925929f910_0 .net "green", 0 0, L_00000192592f18b0;  alias, 1 drivers
v000001925929f9b0_0 .net "red", 0 0, L_00000192592f1b30;  alias, 1 drivers
v000001925929fa50_0 .net "red_yellow", 0 0, L_00000192592f1db0;  alias, 1 drivers
v00000192592f1a90_0 .net "rst", 0 0, v00000192592f1450_0;  1 drivers
v00000192592f1bd0_0 .var "state", 1 0;
v00000192592f1f90_0 .net "yellow", 0 0, L_00000192592f20d0;  alias, 1 drivers
E_000001925929ed90 .event posedge, v000001925924ecd0_0;
L_00000192592f1b30 .cmp/eq 2, v00000192592f1bd0_0, L_00000192592f2418;
L_00000192592f1db0 .cmp/eq 2, v00000192592f1bd0_0, L_00000192592f2460;
L_00000192592f18b0 .cmp/eq 2, v00000192592f1bd0_0, L_00000192592f24a8;
L_00000192592f20d0 .cmp/eq 2, v00000192592f1bd0_0, L_00000192592f24f0;
    .scope S_000001925924eaa0;
T_0 ;
    %wait E_000001925929ed90;
    %load/vec4 v00000192592f1a90_0;
    %flag_set/vec4 8;
    %jmp/0xz  T_0.0, 8;
    %pushi/vec4 0, 0, 2;
    %assign/vec4 v00000192592f1bd0_0, 0;
    %jmp T_0.1;
T_0.0 ;
    %load/vec4 v00000192592f1bd0_0;
    %dup/vec4;
    %pushi/vec4 0, 0, 2;
    %cmp/u;
    %jmp/1 T_0.2, 6;
    %dup/vec4;
    %pushi/vec4 1, 0, 2;
    %cmp/u;
    %jmp/1 T_0.3, 6;
    %dup/vec4;
    %pushi/vec4 2, 0, 2;
    %cmp/u;
    %jmp/1 T_0.4, 6;
    %dup/vec4;
    %pushi/vec4 3, 0, 2;
    %cmp/u;
    %jmp/1 T_0.5, 6;
    %pushi/vec4 0, 0, 2;
    %assign/vec4 v00000192592f1bd0_0, 0;
    %jmp T_0.7;
T_0.2 ;
    %pushi/vec4 1, 0, 2;
    %assign/vec4 v00000192592f1bd0_0, 0;
    %jmp T_0.7;
T_0.3 ;
    %pushi/vec4 2, 0, 2;
    %assign/vec4 v00000192592f1bd0_0, 0;
    %jmp T_0.7;
T_0.4 ;
    %pushi/vec4 3, 0, 2;
    %assign/vec4 v00000192592f1bd0_0, 0;
    %jmp T_0.7;
T_0.5 ;
    %pushi/vec4 0, 0, 2;
    %assign/vec4 v00000192592f1bd0_0, 0;
    %jmp T_0.7;
T_0.7 ;
    %pop/vec4 1;
T_0.1 ;
    %jmp T_0;
    .thread T_0;
    .scope S_000001925924e910;
T_1 ;
    %pushi/vec4 0, 0, 1;
    %store/vec4 v00000192592f2170_0, 0, 1;
    %pushi/vec4 1, 0, 1;
    %store/vec4 v00000192592f1450_0, 0, 1;
    %end;
    .thread T_1, $init;
    .scope S_000001925924e910;
T_2 ;
    %delay 5000, 0;
    %load/vec4 v00000192592f2170_0;
    %inv;
    %store/vec4 v00000192592f2170_0, 0, 1;
    %jmp T_2;
    .thread T_2;
    .scope S_000001925924e910;
T_3 ;
    %vpi_call/w 3 13 "$dumpfile", "dump.vcd" {0 0 0};
    %vpi_call/w 3 14 "$dumpvars", 32'sb00000000000000000000000000000000, S_000001925924e910 {0 0 0};
    %wait E_000001925929ed90;
    %delay 1000, 0;
    %pushi/vec4 0, 0, 1;
    %store/vec4 v00000192592f1450_0, 0, 1;
    %pushi/vec4 8, 0, 32;
T_3.0 %dup/vec4;
    %pushi/vec4 0, 0, 32;
    %cmp/s;
    %jmp/1xz T_3.1, 5;
    %jmp/1 T_3.1, 4;
    %pushi/vec4 1, 0, 32;
    %sub;
    %vpi_call/w 3 18 "$display", "red=%b red_yellow=%b green=%b yellow=%b", v00000192592f2030_0, v00000192592f19f0_0, v00000192592f2210_0, v00000192592f14f0_0 {0 0 0};
    %wait E_000001925929ed90;
    %delay 1000, 0;
    %jmp T_3.0;
T_3.1 ;
    %pop/vec4 1;
    %vpi_call/w 3 22 "$finish" {0 0 0};
    %end;
    .thread T_3;
# The file index is used to find the file name in the following table.
:file_names 5;
    "N/A";
    "<interactive>";
    "-";
    "tb/top_module_tb.sv";
    "rtl/top_module.sv";
